0000 2F00 @main                   mov r7,#endprint1
     0006
0002 2800                         mov r0,#string1
     0040
0004 8800                         b printStr
     00C4
0006 2F00 @endprint1              mov r7,#cont1
     000A
0008 8800                         b readInt
     00DF
000A 1800 @cont1                  str r0,0xAAAA
     AAAA
000C 2F00                         mov r7,#endprint2
     0012
000E 2800                         mov r0,#string2
     0045
0010 8800                         b printStr
     00C4
0012 2F00 @endprint2              mov r7,#cont2
     0016
0014 8800                         b readInt
     00DF
0016 1800 @cont2                  str r0,0xAAAB
     AAAB
0018 2F00                         mov r7,#endprint3
     001E
001A 2800                         mov r0,#string3
     004A
001C 8800                         b printStr
     00C4
001E 0800 @endprint3              ldr r0,0xAAAC
     AAAC
0020 2F00                         mov r7,#cont3
     0024
0022 8800                         b printInt
     005F
0024 2F00 @cont3                  mov r7,#endprint4
     002A
0026 2800                         mov r0,#string4
     0051
0028 8800                         b printStr
     00C4
002A 0800 @endprint4              ldr r0,0xAAAD
     AAAD
002C 2F00                         mov r7,#cont4
     0030
002E 8800                         b printInt
     005F
0030 2F00 @cont4                  mov r7,#endprint5
     0036
0032 2800                         mov r0,#string5
     0058
0034 8800                         b printStr
     00C4
0036 0800 @endprint5              ldr r0,0xAAAE
     AAAE
0038 2F00                         mov r7,#cont5
     003C
003A 8800                         b printInt
     005F
003C 8800 @cont5                  b main
     0000
003E 0000 @amem                   rmw 1
003F 0000 @bmem                   rmw 1
0040 0061 @string1                smw 97
0041 0020                         smw 32
0042 003F                         smw 63
0043 0020                         smw 32
0044 0000                         smw 0
0045 0062 @string2                smw 98
0046 0020                         smw 32
0047 003F                         smw 63
0048 0020                         smw 32
0049 0000                         smw 0
004A 0061 @string3                smw 97
004B 002A                         smw 42
004C 0062                         smw 98
004D 0020                         smw 32
004E 003D                         smw 61
004F 0020                         smw 32
0050 0000                         smw 0
0051 0061 @string4                smw 97
0052 002F                         smw 47
0053 0062                         smw 98
0054 0020                         smw 32
0055 003D                         smw 61
0056 0020                         smw 32
0057 0000                         smw 0
0058 0061 @string5                smw 97
0059 0025                         smw 37
005A 0062                         smw 98
005B 0020                         smw 32
005C 003D                         smw 61
005D 0020                         smw 32
005E 0000                         smw 0
005F 1804 @printInt               str r1,printInt_r1
     00BF
0061 1808                         str r2,printInt_r2
     00C0
0063 180C                         str r3,printInt_r3
     00C1
0065 1810                         str r4,printInt_r4
     00C2
0067 1814                         str r5,printInt_r5
     00C3
0069 2900                         mov r1,#0
     0000
006B 2A00                         mov r2,#0
     0000
006D 2B00                         mov r3,#0
     0000
006F 2C00                         mov r4,#0
     0000
0071 2D00                         mov r5,#0
     0000
0073 5800                         cmp r0,#0
     0000
0075 7800                         blt printInt_minus
     0079
0077 8800                         b printInt_loop_a
     0080
0079 2D00 @printInt_minus         mov r5,#45
     002D
007B 1814                         str r5,0xABCD
     ABCD
007D 2D00                         mov r5,#0
     0000
007F 40A0                         sub r0,r5,r0
0080 5820 @printInt_loop_a        cmp r1,#5
     0005
0082 6800                         beq printInt_endloop_a
     00A3
0084 3C20                         add r4,r1,#printInt_table
     00BA
0086 0480                         ldr r4,[r4]
0087 2A00                         mov r2,#0
     0000
0089 5010 @printInt_loop_b        cmp r0,r4
008A 7800                         blt printInt_endloop_b
     0091
008C 3A40                         add r2,r2,#1
     0001
008E 4010                         sub r0,r0,r4
008F 8800                         b printInt_loop_b
     0089
0091 3920 @printInt_endloop_b     add r1,r1,#1
     0001
0093 5840                         cmp r2,#0
     0000
0095 6800                         beq printInt_endif_a
     0099
0097 2B00                         mov r3,#1
     0001
0099 5860 @printInt_endif_a       cmp r3,#0
     0000
009B 6800                         beq printInt_endif_b
     00A1
009D 3D40                         add r5,r2,#48
     0030
009F 1814                         str r5,0xABCD
     ABCD
00A1 8800 @printInt_endif_b       b printInt_loop_a
     0080
00A3 5860 @printInt_endloop_a     cmp r3,#1
     0001
00A5 6800                         beq printInt_endif_c
     00AB
00A7 2D00                         mov r5,#48
     0030
00A9 1814                         str r5,0xABCD
     ABCD
00AB 2D00 @printInt_endif_c       mov r5,#10
     000A
00AD 1814                         str r5,0xABCD
     ABCD
00AF 0900                         ldr r1,printInt_r1
     00BF
00B1 0A00                         ldr r2,printInt_r2
     00C0
00B3 0B00                         ldr r3,printInt_r3
     00C1
00B5 0C00                         ldr r4,printInt_r4
     00C2
00B7 0D00                         ldr r5,printInt_r5
     00C3
00B9 801C                         b r7
00BA 2710 @printInt_table         smw 10000
00BB 03E8                         smw 1000
00BC 0064                         smw 100
00BD 000A                         smw 10
00BE 0001                         smw 1
00BF 0000 @printInt_r1            rmw 1
00C0 0000 @printInt_r2            rmw 1
00C1 0000 @printInt_r3            rmw 1
00C2 0000 @printInt_r4            rmw 1
00C3 0000 @printInt_r5            rmw 1
00C4 1804 @printStr               str r1,printStr_r1_mem
     00D5
00C6 0100                         ldr r1,[r0]
00C7 5820 @printStr_loop          cmp r1,#0
     0000
00C9 6800                         beq printStr_end
     00D2
00CB 1804                         str r1,0xABCD
     ABCD
00CD 3800                         add r0,r0,#1
     0001
00CF 0100                         ldr r1,[r0]
00D0 8800                         b printStr_loop
     00C7
00D2 0900 @printStr_end           ldr r1,printStr_r1_mem
     00D5
00D4 801C                         b r7
00D5 0000 @printStr_r1_mem        rmw 1
00D6 0B00 @readChr                ldr r3,0x9234
     9234
00D8 5860                         cmp r3,#0
     0000
00DA 6800                         beq readChr
     00D6
00DC 180C                         str r3,0x9234
     9234
00DE 801C                         b r7
00DF 1804 @readInt                str r1,readInt_r1
     0132
00E1 1808                         str r2,readInt_r2
     0133
00E3 180C                         str r3,readInt_r3
     0134
00E5 1810                         str r4,readInt_r4
     0135
00E7 181C                         str r7,readInt_r7
     0136
00E9 2800                         mov r0,#0
     0000
00EB 2900                         mov r1,#0
     0000
00ED 2A00                         mov r2,#0
     0000
00EF 2B00                         mov r3,#0
     0000
00F1 2C00                         mov r4,#0
     0000
00F3 2F00                         mov r7,#readInt_return_1
     00F7
00F5 8800                         b readChr
     00D6
00F7 5860 @readInt_return_1       cmp r3,#45
     002D
00F9 6800                         beq readInt_isMinus
     00FD
00FB 8800                         b readInt_minus_continue
     0105
00FD 2C00 @readInt_isMinus        mov r4,#1
     0001
00FF 180C                         str r3,0xABCD
     ABCD
0101 2F00                         mov r7,#readInt_minus_continue
     0105
0103 8800                         b readChr
     00D6
0105 5860 @readInt_minus_continue cmp r3,#58
     003A
0107 7800                         blt readInt_maybevalid
     010B
0109 8800                         b readInt_noMoreNber
     011C
010B 5860 @readInt_maybevalid     cmp r3,#48
     0030
010D 7800                         blt readInt_noMoreNber
     011C
010F 180C                         str r3,0xABCD
     ABCD
0111 3000                         add r0,r0,r0
0112 3100                         add r1,r0,r0
0113 3124                         add r1,r1,r1
0114 3004                         add r0,r0,r1
0115 4B60                         sub r3,r3,#48
     0030
0117 300C                         add r0,r0,r3
0118 2F00                         mov r7,#readInt_minus_continue
     0105
011A 8800                         b readChr
     00D6
011C 2B00 @readInt_noMoreNber     mov r3,#10
     000A
011E 180C                         str r3,0xABCD
     ABCD
0120 5880                         cmp r4,#0
     0000
0122 6800                         beq readInt_maybenewline
     0127
0124 2B00                         mov r3,#0
     0000
0126 4060                         sub r0,r3,r0
0127 0900 @readInt_maybenewline   ldr r1,readInt_r1
     0132
0129 0A00                         ldr r2,readInt_r2
     0133
012B 0B00                         ldr r3,readInt_r3
     0134
012D 0C00                         ldr r4,readInt_r4
     0135
012F 0F00                         ldr r7,readInt_r7
     0136
0131 801C                         b r7
0132 0000 @readInt_r1             rmw 1
0133 0000 @readInt_r2             rmw 1
0134 0000 @readInt_r3             rmw 1
0135 0000 @readInt_r4             rmw 1
0136 0000 @readInt_r7             rmw 1
